// Jest Snapshot v1, https://goo.gl/fbAQLP

exports[`FindWifiNetwork renders screen 1`] = `
<RNCSafeAreaView
  edges={
    {
      "bottom": "additive",
      "left": "off",
      "right": "off",
      "top": "off",
    }
  }
  style={
    {
      "backgroundColor": "rgba(27, 27, 27, 1)",
      "flex": 1,
    }
  }
>
  <View
    style={
      [
        {
          "backgroundColor": "rgba(27, 27, 27, 1)",
          "borderBottomLeftRadius": 24,
          "borderBottomRightRadius": 24,
          "elevation": 12,
          "shadowColor": "rgba(0, 0, 0, 1)",
          "shadowOffset": {
            "height": 4,
            "width": 4,
          },
          "shadowOpacity": 0.2,
          "shadowRadius": 12,
          "zIndex": 1,
        },
        {
          "paddingTop": 0,
        },
      ]
    }
  >
    <View
      style={
        {
          "alignItems": "center",
          "flexDirection": "row",
          "height": 60,
          "justifyContent": "center",
          "marginHorizontal": 24,
        }
      }
    >
      <View
        accessibilityState={
          {
            "busy": undefined,
            "checked": undefined,
            "disabled": undefined,
            "expanded": undefined,
            "selected": undefined,
          }
        }
        accessibilityValue={
          {
            "max": undefined,
            "min": undefined,
            "now": undefined,
            "text": undefined,
          }
        }
        accessible={true}
        collapsable={false}
        focusable={true}
        hitSlop={20}
        onBlur={[Function]}
        onClick={[Function]}
        onFocus={[Function]}
        onResponderGrant={[Function]}
        onResponderMove={[Function]}
        onResponderRelease={[Function]}
        onResponderTerminate={[Function]}
        onResponderTerminationRequest={[Function]}
        onStartShouldSetResponder={[Function]}
        style={
          [
            {
              "opacity": 1,
            },
            {
              "left": 0,
              "padding": 10,
              "position": "absolute",
            },
          ]
        }
      >
        <SvgMock />
      </View>
      <View
        style={
          {
            "alignItems": "center",
            "marginHorizontal": 48,
          }
        }
      >
        <Text
          numberOfLines={1}
          style={
            {
              "color": "rgba(255, 255, 255, 1)",
              "fontFamily": "RobotoCondensed-Medium",
              "fontSize": 20,
              "fontWeight": "500",
              "lineHeight": 32,
            }
          }
        >
          Pair Device
        </Text>
      </View>
    </View>
  </View>
  <View
    style={
      {
        "backgroundColor": "rgba(27, 27, 27, 1)",
        "flex": 1,
        "paddingBottom": 0,
        "paddingHorizontal": 24,
      }
    }
  >
    <RCTScrollView
      showsVerticalScrollIndicator={false}
    >
      <View>
        <View
          style={
            [
              {
                "backgroundColor": "rgba(27, 27, 27, 1)",
                "borderRadius": 16,
                "paddingHorizontal": 12,
                "paddingVertical": 15,
              },
              undefined,
              {
                "marginBottom": 8,
                "marginHorizontal": 1,
                "paddingVertical": 16,
              },
              undefined,
            ]
          }
        >
          <View
            style={
              [
                {
                  "flexDirection": "row",
                },
                {
                  "marginHorizontal": -12,
                },
              ]
            }
          >
            <View
              style={
                {
                  "alignItems": "center",
                  "height": 32,
                  "justifyContent": "center",
                  "width": 32,
                }
              }
            >
              <SvgMock />
            </View>
            <View
              style={
                [
                  {
                    "flex": 1,
                    "paddingLeft": 12,
                    "paddingRight": 12,
                  },
                  undefined,
                  {
                    "paddingRight": 0,
                  },
                ]
              }
            >
              <Text
                style={
                  [
                    {
                      "color": "rgba(255, 255, 255, 0.87)",
                      "fontFamily": "Roboto-Medium",
                      "fontSize": 16,
                      "fontWeight": "400",
                      "lineHeight": 24,
                      "marginVertical": 4,
                    },
                    undefined,
                  ]
                }
              >
                Pair Using Device Wi-Fi
              </Text>
              <Text
                style={
                  {
                    "color": "rgba(255, 255, 255, 0.7)",
                    "fontFamily": "Roboto-Medium",
                    "fontSize": 12,
                    "fontWeight": "300",
                    "lineHeight": 16,
                    "marginBottom": 2,
                  }
                }
              >
                1. Go to your phone's Wi-Fi settings.
              </Text>
              <Text
                style={
                  {
                    "color": "rgba(255, 255, 255, 0.7)",
                    "fontFamily": "Roboto-Medium",
                    "fontSize": 12,
                    "fontWeight": "300",
                    "lineHeight": 16,
                    "marginBottom": 2,
                  }
                }
              >
                2. Select the Wi-Fi network with the name that matches the Goal Zero device you want to pair.
              </Text>
              <Text
                style={
                  {
                    "color": "rgba(255, 255, 255, 0.7)",
                    "fontFamily": "Roboto-Medium",
                    "fontSize": 12,
                    "fontWeight": "300",
                    "lineHeight": 16,
                    "marginBottom": 2,
                  }
                }
              >
                <Text
                  style={
                    {
                      "color": "rgba(255, 205, 29, 1)",
                      "marginTop": 2,
                    }
                  }
                >
                  Example:
                </Text>
                 Yeti9C9C1FF112
              </Text>
              <Text
                style={
                  {
                    "color": "rgba(255, 255, 255, 0.7)",
                    "fontFamily": "Roboto-Medium",
                    "fontSize": 12,
                    "fontWeight": "300",
                    "lineHeight": 16,
                    "marginBottom": 2,
                  }
                }
              >
                3. Enter 
                <Text
                  style={
                    {
                      "color": "rgba(191, 210, 43, 1)",
                    }
                  }
                >
                  "GOALZERO"
                </Text>
                 when asked for a password.
              </Text>
              <Text
                style={
                  {
                    "color": "rgba(255, 255, 255, 0.7)",
                    "fontFamily": "Roboto-Medium",
                    "fontSize": 12,
                    "fontWeight": "300",
                    "lineHeight": 16,
                    "marginBottom": 2,
                  }
                }
              >
                4. Return to the Goal Zero app and continue the pairing process.
              </Text>
              <Text
                style={
                  {
                    "color": "rgba(255, 255, 255, 0.7)",
                    "fontFamily": "Roboto-Medium",
                    "fontSize": 12,
                    "fontWeight": "300",
                    "lineHeight": 16,
                    "marginBottom": 2,
                  }
                }
              >
                <Text
                  style={
                    {
                      "color": "rgba(255, 205, 29, 1)",
                      "marginTop": 2,
                    }
                  }
                >
                  Note: 
                </Text>
                After pairing, return your phone to your usual Wi-Fi network.
              </Text>
            </View>
          </View>
        </View>
        <View
          style={
            {
              "alignItems": "center",
              "borderColor": "rgba(54, 54, 54, 1)",
              "borderRadius": 8,
              "borderWidth": 2,
              "height": 160,
              "overflow": "hidden",
            }
          }
        >
          <Image
            resizeMode="contain"
            source={
              {
                "testUri": "../../../App/Images/selectWifiIos.png",
              }
            }
            style={
              {
                "top": -20,
              }
            }
          />
        </View>
        <View
          style={
            {
              "alignItems": "center",
              "marginTop": 24,
            }
          }
        >
          <Text
            style={
              {
                "color": "rgba(255, 255, 255, 0.87)",
                "fontFamily": "Roboto-Medium",
                "fontSize": 14,
                "fontWeight": "400",
                "lineHeight": 20,
              }
            }
          >
            <Text
              style={
                [
                  {
                    "color": "rgba(255, 83, 29, 1)",
                  },
                ]
              }
            >
              *
            </Text>
             Newer generation Yeti models do not support Wi-Fi direct connect
          </Text>
        </View>
      </View>
    </RCTScrollView>
    <View
      style={
        {
          "flexDirection": "row",
          "paddingBottom": 8,
        }
      }
    >
      <View
        accessibilityState={
          {
            "busy": undefined,
            "checked": undefined,
            "disabled": undefined,
            "expanded": undefined,
            "selected": undefined,
          }
        }
        accessibilityValue={
          {
            "max": undefined,
            "min": undefined,
            "now": undefined,
            "text": undefined,
          }
        }
        accessible={true}
        collapsable={false}
        focusable={true}
        onBlur={[Function]}
        onClick={[Function]}
        onFocus={[Function]}
        onResponderGrant={[Function]}
        onResponderMove={[Function]}
        onResponderRelease={[Function]}
        onResponderTerminate={[Function]}
        onResponderTerminationRequest={[Function]}
        onStartShouldSetResponder={[Function]}
        style={
          [
            {
              "opacity": 1,
            },
            [
              {
                "elevation": 12,
                "shadowColor": "rgba(0, 0, 0, 1)",
                "shadowOffset": {
                  "height": 4,
                  "width": 4,
                },
                "shadowOpacity": 0.2,
                "shadowRadius": 12,
              },
              {
                "flex": 1,
                "marginRight": 8,
              },
            ],
          ]
        }
        testID="goToSettings"
      >
        <View
          style={
            {
              "borderRadius": 24,
              "overflow": "hidden",
            }
          }
        >
          <RNSVGSvgView
            bbHeight="48"
            bbWidth="100%"
            focusable={false}
            height={48}
            style={
              [
                {
                  "backgroundColor": "transparent",
                  "borderWidth": 0,
                },
                {
                  "flex": 0,
                  "height": 48,
                  "width": "100%",
                },
              ]
            }
            width="100%"
          >
            <RNSVGGroup
              fill={
                {
                  "payload": 4278190080,
                  "type": 0,
                }
              }
            >
              <RNSVGDefs>
                <RNSVGLinearGradient
                  gradient={
                    [
                      0,
                      -13224394,
                      1,
                      1776411,
                    ]
                  }
                  gradientTransform={null}
                  gradientUnits={0}
                  name="grad"
                  x1="0"
                  x2="0"
                  y1="0"
                  y2="0.5"
                />
              </RNSVGDefs>
              <RNSVGRect
                fill={
                  {
                    "brushRef": "grad",
                    "type": 1,
                  }
                }
                height="48"
                propList={
                  [
                    "fill",
                  ]
                }
                width="100%"
                x="0"
                y="0"
              />
              <View
                style={
                  [
                    {
                      "borderRadius": 24,
                      "marginHorizontal": 1,
                      "marginTop": 1,
                    },
                    {
                      "backgroundColor": "rgba(27, 27, 27, 1)",
                      "height": 46,
                    },
                  ]
                }
              >
                <View
                  style={
                    [
                      {
                        "alignItems": "center",
                        "flexDirection": "row",
                        "justifyContent": "center",
                        "paddingVertical": 12,
                      },
                      undefined,
                    ]
                  }
                >
                  <View
                    style={
                      {
                        "alignItems": "center",
                        "flexDirection": "row",
                      }
                    }
                  >
                    <Text
                      style={
                        [
                          {
                            "color": "rgba(255, 255, 255, 1)",
                            "fontFamily": "Roboto-Medium",
                            "fontSize": 14,
                            "fontWeight": "700",
                            "lineHeight": 20,
                            "textTransform": "uppercase",
                          },
                          {
                            "color": "rgba(191, 210, 43, 1)",
                          },
                          undefined,
                        ]
                      }
                    >
                      Go to Settings
                    </Text>
                  </View>
                </View>
              </View>
            </RNSVGGroup>
          </RNSVGSvgView>
        </View>
      </View>
      <View
        accessibilityState={
          {
            "busy": undefined,
            "checked": undefined,
            "disabled": true,
            "expanded": undefined,
            "selected": undefined,
          }
        }
        accessibilityValue={
          {
            "max": undefined,
            "min": undefined,
            "now": undefined,
            "text": undefined,
          }
        }
        accessible={true}
        collapsable={false}
        focusable={true}
        onBlur={[Function]}
        onClick={[Function]}
        onFocus={[Function]}
        onResponderGrant={[Function]}
        onResponderMove={[Function]}
        onResponderRelease={[Function]}
        onResponderTerminate={[Function]}
        onResponderTerminationRequest={[Function]}
        onStartShouldSetResponder={[Function]}
        style={
          [
            {
              "opacity": 1,
            },
            [
              {
                "elevation": 12,
                "shadowColor": "rgba(0, 0, 0, 1)",
                "shadowOffset": {
                  "height": 4,
                  "width": 4,
                },
                "shadowOpacity": 0.2,
                "shadowRadius": 12,
              },
              {
                "flex": 1,
                "marginLeft": 8,
              },
            ],
          ]
        }
        testID="onContinuePress"
      >
        <View
          style={
            {
              "borderRadius": 24,
              "overflow": "hidden",
            }
          }
        >
          <RNSVGSvgView
            bbHeight="48"
            bbWidth="100%"
            focusable={false}
            height={48}
            style={
              [
                {
                  "backgroundColor": "transparent",
                  "borderWidth": 0,
                },
                {
                  "flex": 0,
                  "height": 48,
                  "width": "100%",
                },
              ]
            }
            width="100%"
          >
            <RNSVGGroup
              fill={
                {
                  "payload": 4278190080,
                  "type": 0,
                }
              }
            >
              <RNSVGDefs>
                <RNSVGLinearGradient
                  gradient={
                    [
                      0,
                      -13224394,
                      1,
                      1776411,
                    ]
                  }
                  gradientTransform={null}
                  gradientUnits={0}
                  name="grad"
                  x1="0"
                  x2="0"
                  y1="0"
                  y2="0.5"
                />
              </RNSVGDefs>
              <RNSVGRect
                fill={
                  {
                    "brushRef": "grad",
                    "type": 1,
                  }
                }
                height="48"
                propList={
                  [
                    "fill",
                  ]
                }
                width="100%"
                x="0"
                y="0"
              />
              <View
                style={
                  [
                    {
                      "borderRadius": 24,
                      "marginHorizontal": 1,
                      "marginTop": 1,
                    },
                    {
                      "backgroundColor": "rgba(27, 27, 27, 1)",
                      "height": 46,
                    },
                  ]
                }
              >
                <View
                  style={
                    [
                      {
                        "alignItems": "center",
                        "flexDirection": "row",
                        "justifyContent": "center",
                        "paddingVertical": 12,
                      },
                      undefined,
                    ]
                  }
                >
                  <View
                    style={
                      {
                        "alignItems": "center",
                        "flexDirection": "row",
                      }
                    }
                  >
                    <Text
                      style={
                        [
                          {
                            "color": "rgba(255, 255, 255, 1)",
                            "fontFamily": "Roboto-Medium",
                            "fontSize": 14,
                            "fontWeight": "700",
                            "lineHeight": 20,
                            "textTransform": "uppercase",
                          },
                          {
                            "color": "rgba(255, 255, 255, 0.38)",
                          },
                          undefined,
                        ]
                      }
                    >
                      Continue
                    </Text>
                  </View>
                </View>
              </View>
            </RNSVGGroup>
          </RNSVGSvgView>
        </View>
      </View>
    </View>
  </View>
</RNCSafeAreaView>
`;
